GRA-SYNCBLOCK-001 | Warning | (9,17 - 9,36) | Synchronous blocking call 'TaskAwaiter.GetResult' should be avoided. This can cause deadlocks and thread pool starvation. Consider using `let!` in a `task` or `async` computation expression. Suppress with comment including text 'synchronous blocking call allowed'. | []
GRA-SYNCBLOCK-001 | Warning | (15,4 - 15,23) | Synchronous blocking call 'TaskAwaiter.GetResult' should be avoided. This can cause deadlocks and thread pool starvation. Consider using `let!` in a `task` or `async` computation expression. Suppress with comment including text 'synchronous blocking call allowed'. | []
GRA-SYNCBLOCK-001 | Warning | (20,4 - 20,23) | Synchronous blocking call 'ValueTaskAwaiter.GetResult' should be avoided. This can cause deadlocks and thread pool starvation. Consider using `let!` in a `task` or `async` computation expression. Suppress with comment including text 'synchronous blocking call allowed'. | []
GRA-SYNCBLOCK-001 | Warning | (25,17 - 25,36) | Synchronous blocking call 'ValueTaskAwaiter.GetResult' should be avoided. This can cause deadlocks and thread pool starvation. Consider using `let!` in a `task` or `async` computation expression. Suppress with comment including text 'synchronous blocking call allowed'. | []
