GRA-SYNCBLOCK-001 | Warning | (7,17 - 7,25) | Synchronous blocking call 'Result' should be avoided. This can cause deadlocks and thread pool starvation. Consider using `let!` in a `task` or `async` computation expression. Suppress with comment including text 'synchronous blocking call allowed'. | []
GRA-SYNCBLOCK-001 | Warning | (12,4 - 12,12) | Synchronous blocking call 'Result' should be avoided. This can cause deadlocks and thread pool starvation. Consider using `let!` in a `task` or `async` computation expression. Suppress with comment including text 'synchronous blocking call allowed'. | []
GRA-SYNCBLOCK-001 | Warning | (15,17 - 15,46) | Synchronous blocking call 'Result' should be avoided. This can cause deadlocks and thread pool starvation. Consider using `let!` in a `task` or `async` computation expression. Suppress with comment including text 'synchronous blocking call allowed'. | []
GRA-SYNCBLOCK-001 | Warning | (20,17 - 20,26) | Synchronous blocking call 'Result' should be avoided. This can cause deadlocks and thread pool starvation. Consider using `let!` in a `task` or `async` computation expression. Suppress with comment including text 'synchronous blocking call allowed'. | []
