GRA-SYNCBLOCK-001 | Warning | (7,4 - 7,12) | Synchronous blocking call 'Task.Wait' should be avoided. This can cause deadlocks and thread pool starvation. Consider using `let!` in a `task` or `async` computation expression. Suppress with comment including text 'synchronous blocking call allowed'. | []
GRA-SYNCBLOCK-001 | Warning | (8,4 - 8,12) | Synchronous blocking call 'Result' should be avoided. This can cause deadlocks and thread pool starvation. Consider using `let!` in a `task` or `async` computation expression. Suppress with comment including text 'synchronous blocking call allowed'. | []
GRA-SYNCBLOCK-001 | Warning | (12,4 - 12,16) | Synchronous blocking call 'Task.Wait' should be avoided. This can cause deadlocks and thread pool starvation. Consider using `let!` in a `task` or `async` computation expression. Suppress with comment including text 'synchronous blocking call allowed'. | []
GRA-SYNCBLOCK-001 | Warning | (17,4 - 17,24) | Synchronous blocking call 'Task.WaitAll' should be avoided. This can cause deadlocks and thread pool starvation. Consider using `let!` in a `task` or `async` computation expression. Suppress with comment including text 'synchronous blocking call allowed'. | []
GRA-SYNCBLOCK-001 | Warning | (22,16 - 22,36) | Synchronous blocking call 'Task.WaitAny' should be avoided. This can cause deadlocks and thread pool starvation. Consider using `let!` in a `task` or `async` computation expression. Suppress with comment including text 'synchronous blocking call allowed'. | []
